// Jest Snapshot v1, https://goo.gl/fbAQLP

exports[`refreshTokenHandler when verify failed should be failed 1`] = `Array []`;

exports[`refreshTokenHandler when verify failed should be failed 2`] = `Object {}`;

exports[`refreshTokenHandler when verify successful should be failed 1`] = `
Array [
  "SELECT * FROM refresh_tokens WHERE token = ? AND activated = true AND datetime('now', '-6 months') < refresh_tokens.created_at;",
  "BEGIN TRANSACTION;",
  "UPDATE refresh_tokens SET created_at = datetime('now'), token = ? WHERE token = ? AND activated = true AND datetime('now', '-6 months') < refresh_tokens.created_at;",
  "COMMIT;",
]
`;

exports[`refreshTokenHandler when verify successful should be failed 2`] = `
Object {
  "refreshToken": undefined,
  "token": "signed strings",
}
`;
