// Jest Snapshot v1, https://goo.gl/fbAQLP

exports[`verifyHandler when verify failed should be failed 1`] = `Array []`;

exports[`verifyHandler when verify failed should be failed 2`] = `Object {}`;

exports[`verifyHandler when verify successful should be failed 1`] = `
Array [
  "SELECT * FROM user WHERE profiles.discord_id = ?",
]
`;

exports[`verifyHandler when verify successful should be failed 2`] = `
Object {
  "discordId": "12123123",
  "profiles": Array [
    1,
  ],
}
`;
